// Jest Snapshot v1, https://goo.gl/fbAQLP

exports[`toContainExactlyOneMatchingNode with a mount wrapper provides contextual information for the message 1`] = `
Object {
  "actual": "HTML Output of <Fixture>:
 <div><ul><li><span class=\\"userOne\\">User <span data-index=\\"value-1\\">1</span></span></li><li><span class=\\"userTwo\\">User <span data-index=\\"value-2\\">2</span></span></li></ul></div>",
}
`;

exports[`toContainExactlyOneMatchingNode with a mount wrapper provides contextual information for the message 2`] = `
Object {
  "actual": "HTML Output of <Fixture>:
 <div><ul><li><span class=\\"userOne\\">User <span data-index=\\"value-1\\">1</span></span></li><li><span class=\\"userTwo\\">User <span data-index=\\"value-2\\">2</span></span></li></ul></div>",
}
`;

exports[`toContainExactlyOneMatchingNode with a mount wrapper provides contextual information for the message 3`] = `
Object {
  "actual": "HTML Output of <Fixture>:
 <div><ul><li><span class=\\"userOne\\">User <span data-index=\\"value-1\\">1</span></span></li><li><span class=\\"userTwo\\">User <span data-index=\\"value-2\\">2</span></span></li></ul></div>",
}
`;

exports[`toContainExactlyOneMatchingNode with a mount wrapper provides contextual information for the message 4`] = `
Object {
  "actual": "HTML Output of <2 (anonymous) nodes found>:
 Multiple nodes found:
0: <function User(props) {
  return React.createElement(\\"span\\", {
    className: props.className
  }, \\"User \\", React.createElement(\\"span\\", {
    \\"data-index\\": \`value-\${props.index}\`
  }, props.index));
} index=\\"1\\" className=\\"userOne\\"/>
1: <function User(props) {
  return React.createElement(\\"span\\", {
    className: props.className
  }, \\"User \\", React.createElement(\\"span\\", {
    \\"data-index\\": \`value-\${props.index}\`
  }, props.index));
} index=\\"2\\" className=\\"userTwo\\"/>
",
}
`;

exports[`toContainExactlyOneMatchingNode with a mount wrapper provides contextual information for the message 5`] = `
Object {
  "actual": "HTML Output of <2 (anonymous) nodes found>:
 Multiple nodes found:
0: <function User(props) {
  return React.createElement(\\"span\\", {
    className: props.className
  }, \\"User \\", React.createElement(\\"span\\", {
    \\"data-index\\": \`value-\${props.index}\`
  }, props.index));
} index=\\"1\\" className=\\"userOne\\"/>
1: <function User(props) {
  return React.createElement(\\"span\\", {
    className: props.className
  }, \\"User \\", React.createElement(\\"span\\", {
    \\"data-index\\": \`value-\${props.index}\`
  }, props.index));
} index=\\"2\\" className=\\"userTwo\\"/>
",
}
`;

exports[`toContainExactlyOneMatchingNode with a mount wrapper provides contextual information for the message 6`] = `
Object {
  "actual": "HTML Output of <Fixture>:
 <div><ul><li><span class=\\"userOne\\">User <span data-index=\\"value-1\\">1</span></span></li><li><span class=\\"userTwo\\">User <span data-index=\\"value-2\\">2</span></span></li></ul></div>",
}
`;

exports[`toContainExactlyOneMatchingNode with a mount wrapper provides contextual information for the message 7`] = `
Object {
  "actual": "HTML Output of <Fixture>:
 <div><ul><li><span class=\\"userOne\\">User <span data-index=\\"value-1\\">1</span></span></li><li><span class=\\"userTwo\\">User <span data-index=\\"value-2\\">2</span></span></li></ul></div>",
}
`;

exports[`toContainExactlyOneMatchingNode with a mount wrapper returns the proper verbage for ".userOne" 1`] = `"Expected <Fixture> to contain 1 node matching \\".userOne\\" but 1 was found."`;

exports[`toContainExactlyOneMatchingNode with a mount wrapper returns the proper verbage for ".userOne" 2`] = `"Expected <2 (anonymous) nodes found> to contain 1 node matching \\".userOne\\" but 1 was found."`;

exports[`toContainExactlyOneMatchingNode with a mount wrapper returns the proper verbage for ".userThree" 1`] = `"Expected <Fixture> to not contain 1 node matching \\".userThree\\" but it did."`;

exports[`toContainExactlyOneMatchingNode with a mount wrapper returns the proper verbage for "[data-index="value-1"]" 1`] = `"Expected <Fixture> to contain 1 node matching \\"[data-index=\\"value-1\\"]\\" but 1 was found."`;

exports[`toContainExactlyOneMatchingNode with a mount wrapper returns the proper verbage for "[data-index="value-1"]" 2`] = `"Expected <2 (anonymous) nodes found> to contain 1 node matching \\"[data-index=\\"value-1\\"]\\" but 1 was found."`;

exports[`toContainExactlyOneMatchingNode with a mount wrapper returns the proper verbage for "[data-index]" 1`] = `"Expected <Fixture> to not contain 1 node matching \\"[data-index]\\" but it did."`;

exports[`toContainExactlyOneMatchingNode with a mount wrapper returns the proper verbage for "[data-index]" 2`] = `"Expected <Fixture> to not contain 1 node matching \\"[data-index]\\" but it did."`;

exports[`toContainExactlyOneMatchingNode with a shallow wrapper provides contextual information for the message 1`] = `
Object {
  "actual": "HTML Output of <div>:
 <div>
  <ul>
    <li>
      <User index={1} className=\\"userOne\\" />
    </li>
    <li>
      <User index={2} className=\\"userTwo\\" />
    </li>
  </ul>
</div>",
}
`;

exports[`toContainExactlyOneMatchingNode with a shallow wrapper provides contextual information for the message 2`] = `
Object {
  "actual": "HTML Output of <div>:
 <div>
  <ul>
    <li>
      <User index={1} className=\\"userOne\\" />
    </li>
    <li>
      <User index={2} className=\\"userTwo\\" />
    </li>
  </ul>
</div>",
}
`;

exports[`toContainExactlyOneMatchingNode with a shallow wrapper provides contextual information for the message 3`] = `
Object {
  "actual": "HTML Output of <div>:
 <div>
  <ul>
    <li>
      <User index={1} className=\\"userOne\\" />
    </li>
    <li>
      <User index={2} className=\\"userTwo\\" />
    </li>
  </ul>
</div>",
}
`;

exports[`toContainExactlyOneMatchingNode with a shallow wrapper provides contextual information for the message 4`] = `
Object {
  "actual": "HTML Output of <span>:
 <span className=\\"userOne\\">
  User 
  <span data-index=\\"value-1\\">
    1
  </span>
</span>",
}
`;

exports[`toContainExactlyOneMatchingNode with a shallow wrapper provides contextual information for the message 5`] = `
Object {
  "actual": "HTML Output of <span>:
 <span className=\\"userOne\\">
  User 
  <span data-index=\\"value-1\\">
    1
  </span>
</span>",
}
`;

exports[`toContainExactlyOneMatchingNode with a shallow wrapper provides contextual information for the message 6`] = `
Object {
  "actual": "HTML Output of <div>:
 <div>
  <ul>
    <li>
      <User index={1} className=\\"userOne\\" />
    </li>
    <li>
      <User index={2} className=\\"userTwo\\" />
    </li>
  </ul>
</div>",
}
`;

exports[`toContainExactlyOneMatchingNode with a shallow wrapper provides contextual information for the message 7`] = `
Object {
  "actual": "HTML Output of <div>:
 <div>
  <ul>
    <li>
      <User index={1} className=\\"userOne\\" />
    </li>
    <li>
      <User index={2} className=\\"userTwo\\" />
    </li>
  </ul>
</div>",
}
`;

exports[`toContainExactlyOneMatchingNode with a shallow wrapper returns the proper verbage for ".userOne" 1`] = `"Expected <div> to not contain 1 node matching \\".userOne\\" but it did."`;

exports[`toContainExactlyOneMatchingNode with a shallow wrapper returns the proper verbage for ".userOne" 2`] = `"Expected <span> to contain 1 node matching \\".userOne\\" but 1 was found."`;

exports[`toContainExactlyOneMatchingNode with a shallow wrapper returns the proper verbage for ".userThree" 1`] = `"Expected <div> to not contain 1 node matching \\".userThree\\" but it did."`;

exports[`toContainExactlyOneMatchingNode with a shallow wrapper returns the proper verbage for "[data-index="value-1"]" 1`] = `"Expected <div> to not contain 1 node matching \\"[data-index=\\"value-1\\"]\\" but it did."`;

exports[`toContainExactlyOneMatchingNode with a shallow wrapper returns the proper verbage for "[data-index="value-1"]" 2`] = `"Expected <span> to contain 1 node matching \\"[data-index=\\"value-1\\"]\\" but 1 was found."`;

exports[`toContainExactlyOneMatchingNode with a shallow wrapper returns the proper verbage for "[data-index]" 1`] = `"Expected <div> to not contain 1 node matching \\"[data-index]\\" but it did."`;

exports[`toContainExactlyOneMatchingNode with a shallow wrapper returns the proper verbage for "[data-index]" 2`] = `"Expected <div> to not contain 1 node matching \\"[data-index]\\" but it did."`;
